6/25/2021 6:31:19 PM
Admin: administrator@100pcloud.com | TenantID:  | Profile:  | Pim-Role:  | Duration: 2
You cannot call a method on a null-valued expression.
7/13/2021 9:30:45 PM
Admin: jule@100pcloud.com | TenantID:  | Profile:  | Pim-Role:  | Duration: 2
You cannot call a method on a null-valued expression.
7/14/2021 11:21:04 PM
Admin:  | TenantID:  | Pim-Role:  | Duration: 0
Unable to find type [System.Windows.Forms.Application].
Unable to find type [System.Windows.Forms.Application].
You cannot call a method on a null-valued expression.
You cannot call a method on a null-valued expression.
The property 'Interval' cannot be found on this object. Verify that the property exists and can be set.
Cannot find type [System.Windows.Forms.Timer]: verify that the assembly containing this type is loaded.
Cannot find type [System.Drawing.Point]: verify that the assembly containing this type is loaded.
The property 'text' cannot be found on this object. Verify that the property exists and can be set.
Cannot find type [System.Drawing.Point]: verify that the assembly containing this type is loaded.
Cannot find type [System.Drawing.Size]: verify that the assembly containing this type is loaded.
Unable to find type [System.Drawing.FontStyle].
Cannot find type [System.Drawing.Size]: verify that the assembly containing this type is loaded.
You cannot call a method on a null-valued expression.
You cannot call a method on a null-valued expression.
You cannot call a method on a null-valued expression.
You cannot call a method on a null-valued expression.
You cannot call a method on a null-valued expression.
You cannot call a method on a null-valued expression.
You cannot call a method on a null-valued expression.
The property 'Text' cannot be found on this object. Verify that the property exists and can be set.
The property 'TabIndex' cannot be found on this object. Verify that the property exists and can be set.
The property 'Size' cannot be found on this object. Verify that the property exists and can be set.
The property 'Name' cannot be found on this object. Verify that the property exists and can be set.
The property 'Location' cannot be found on this object. Verify that the property exists and can be set.
The property 'Font' cannot be found on this object. Verify that the property exists and can be set.
The property 'AutoSize' cannot be found on this object. Verify that the property exists and can be set.
Cannot find type [System.Windows.Forms.Label]: verify that the assembly containing this type is loaded.
Index operation failed; the array index evaluated to null.
Index operation failed; the array index evaluated to null.
7/14/2021 11:28:39 PM
Admin:  | TenantID:  | Pim-Role:  | Duration: 
Object reference not set to an instance of an object.
Cannot bind argument to parameter 'ResourceId' because it is null.
Cannot bind argument to parameter 'ResourceId' because it is null.
Cannot bind argument to parameter 'ObjectId' because it is null.
Cannot validate argument on parameter 'AccountId'. The argument is null or empty. Provide an argument that is not null or empty, and then try the command again.
Index operation failed; the array index evaluated to null.
Index operation failed; the array index evaluated to null.
Index operation failed; the array index evaluated to null.
Index operation failed; the array index evaluated to null.
Object reference not set to an instance of an object.
Cannot bind argument to parameter 'ResourceId' because it is null.
Cannot bind argument to parameter 'ResourceId' because it is null.
Cannot bind argument to parameter 'ObjectId' because it is null.
Cannot validate argument on parameter 'AccountId'. The argument is null or empty. Provide an argument that is not null or empty, and then try the command again.
Index operation failed; the array index evaluated to null.
Index operation failed; the array index evaluated to null.
Index operation failed; the array index evaluated to null.
Index operation failed; the array index evaluated to null.
Object reference not set to an instance of an object.
Cannot bind argument to parameter 'ResourceId' because it is null.
Cannot bind argument to parameter 'ResourceId' because it is null.
Cannot bind argument to parameter 'ObjectId' because it is null.
Cannot validate argument on parameter 'AccountId'. The argument is null or empty. Provide an argument that is not null or empty, and then try the command again.
Index operation failed; the array index evaluated to null.
Index operation failed; the array index evaluated to null.
Index operation failed; the array index evaluated to null.
Index operation failed; the array index evaluated to null.
7/14/2021 11:29:45 PM
Admin:  | TenantID:  | Pim-Role:  | Duration: 
Object reference not set to an instance of an object.
Cannot bind argument to parameter 'ResourceId' because it is null.
Cannot bind argument to parameter 'ResourceId' because it is null.
Cannot bind argument to parameter 'ObjectId' because it is null.
Cannot validate argument on parameter 'AccountId'. The argument is null or empty. Provide an argument that is not null or empty, and then try the command again.
Index operation failed; the array index evaluated to null.
Index operation failed; the array index evaluated to null.
Index operation failed; the array index evaluated to null.
Index operation failed; the array index evaluated to null.
Object reference not set to an instance of an object.
Cannot bind argument to parameter 'ResourceId' because it is null.
Cannot bind argument to parameter 'ResourceId' because it is null.
Cannot bind argument to parameter 'ObjectId' because it is null.
Cannot validate argument on parameter 'AccountId'. The argument is null or empty. Provide an argument that is not null or empty, and then try the command again.
Index operation failed; the array index evaluated to null.
Index operation failed; the array index evaluated to null.
Index operation failed; the array index evaluated to null.
Index operation failed; the array index evaluated to null.
Object reference not set to an instance of an object.
Cannot bind argument to parameter 'ResourceId' because it is null.
Cannot bind argument to parameter 'ResourceId' because it is null.
Cannot bind argument to parameter 'ObjectId' because it is null.
Cannot validate argument on parameter 'AccountId'. The argument is null or empty. Provide an argument that is not null or empty, and then try the command again.
Index operation failed; the array index evaluated to null.
Index operation failed; the array index evaluated to null.
Index operation failed; the array index evaluated to null.
Index operation failed; the array index evaluated to null.
7/14/2021 11:29:57 PM
Admin:  | TenantID:  | Pim-Role:  | Duration: 
Object reference not set to an instance of an object.
Cannot bind argument to parameter 'ResourceId' because it is null.
Cannot bind argument to parameter 'ResourceId' because it is null.
Cannot bind argument to parameter 'ObjectId' because it is null.
Cannot validate argument on parameter 'AccountId'. The argument is null or empty. Provide an argument that is not null or empty, and then try the command again.
Index operation failed; the array index evaluated to null.
Index operation failed; the array index evaluated to null.
Index operation failed; the array index evaluated to null.
Index operation failed; the array index evaluated to null.
Object reference not set to an instance of an object.
Cannot bind argument to parameter 'ResourceId' because it is null.
Cannot bind argument to parameter 'ResourceId' because it is null.
Cannot bind argument to parameter 'ObjectId' because it is null.
Cannot validate argument on parameter 'AccountId'. The argument is null or empty. Provide an argument that is not null or empty, and then try the command again.
Index operation failed; the array index evaluated to null.
Index operation failed; the array index evaluated to null.
Index operation failed; the array index evaluated to null.
Index operation failed; the array index evaluated to null.
Object reference not set to an instance of an object.
Cannot bind argument to parameter 'ResourceId' because it is null.
Cannot bind argument to parameter 'ResourceId' because it is null.
Cannot bind argument to parameter 'ObjectId' because it is null.
Cannot validate argument on parameter 'AccountId'. The argument is null or empty. Provide an argument that is not null or empty, and then try the command again.
Index operation failed; the array index evaluated to null.
Index operation failed; the array index evaluated to null.
Index operation failed; the array index evaluated to null.
Index operation failed; the array index evaluated to null.
7/15/2021 6:33:43 PM
Admin:  | TenantID:  | Pim-Role:  | Duration: 
Object reference not set to an instance of an object.
Cannot bind argument to parameter 'ResourceId' because it is null.
Cannot bind argument to parameter 'ResourceId' because it is null.
Cannot bind argument to parameter 'ObjectId' because it is null.
Cannot validate argument on parameter 'AccountId'. The argument is null or empty. Provide an argument that is not null or empty, and then try the command again.
Index operation failed; the array index evaluated to null.
Index operation failed; the array index evaluated to null.
Index operation failed; the array index evaluated to null.
Index operation failed; the array index evaluated to null.
Object reference not set to an instance of an object.
Cannot bind argument to parameter 'ResourceId' because it is null.
Cannot bind argument to parameter 'ResourceId' because it is null.
Cannot bind argument to parameter 'ObjectId' because it is null.
Cannot validate argument on parameter 'AccountId'. The argument is null or empty. Provide an argument that is not null or empty, and then try the command again.
Index operation failed; the array index evaluated to null.
Index operation failed; the array index evaluated to null.
Index operation failed; the array index evaluated to null.
Index operation failed; the array index evaluated to null.
Object reference not set to an instance of an object.
Cannot bind argument to parameter 'ResourceId' because it is null.
Cannot bind argument to parameter 'ResourceId' because it is null.
Cannot bind argument to parameter 'ObjectId' because it is null.
Cannot validate argument on parameter 'AccountId'. The argument is null or empty. Provide an argument that is not null or empty, and then try the command again.
Index operation failed; the array index evaluated to null.
Index operation failed; the array index evaluated to null.
Index operation failed; the array index evaluated to null.
Index operation failed; the array index evaluated to null.
7/28/2021 8:35:53 PM
Admin: john.devito@bulletproofsoc.com | TenantID:  | Profile:  | Pim-Role:  | Duration: 0
You cannot call a method on a null-valued expression.
You cannot call a method on a null-valued expression.
7/28/2021 9:02:30 PM
Admin: johnd@pinchin.com | TenantID:  | Profile:  | Pim-Role:  | Duration: 0
You cannot call a method on a null-valued expression.
7/28/2021 9:03:33 PM
Admin: johnd@pinchin.com | TenantID: System.Object[] | Profile:  | Pim-Role:  | Duration: 8
You cannot call a method on a null-valued expression.
7/29/2021 8:49:31 PM
Admin: jule@100pcloud.com | TenantID:  | Profile:  | Pim-Role:  | Duration: 2
You cannot call a method on a null-valued expression.
7/29/2021 9:53:20 PM
Admin: johnd@pinchin.com | TenantID: System.Object[] | Profile:  | Pim-Role:  | Duration: 8
You cannot call a method on a null-valued expression.
7/29/2021 9:53:59 PM
Admin: johnd@pinchin.com | TenantID: System.Object[] | Profile:  | Pim-Role:  | Duration: 8
You cannot call a method on a null-valued expression.
7/29/2021 9:56:37 PM
Admin: johnd@pinchin.com | TenantID: System.Object[] | Profile:  | Pim-Role:  | Duration: 8
You cannot call a method on a null-valued expression.
8/3/2021 9:40:44 PM
Admin: johnd@pinchin.com | TenantID:  | Profile:  | Pim-Role:  | Duration: 0
You cannot call a method on a null-valued expression.
8/3/2021 10:29:07 PM
Admin:  | TenantID:  | Profile:  | Pim-Role:  | Duration: 
You cannot call a method on a null-valued expression.
You cannot call a method on a null-valued expression.
You cannot call a method on a null-valued expression.
You cannot call a method on a null-valued expression.
8/3/2021 10:37:56 PM
adm:  | TenantID:  |  Pim-Role:  | Duration: 
The property 'Text' cannot be found on this object. Verify that the property exists and can be set.
The property 'Size' cannot be found on this object. Verify that the property exists and can be set.
The property 'Location' cannot be found on this object. Verify that the property exists and can be set.
Cannot find type [System.Windows.Forms.lbl]: verify that the assembly containing this type is loaded.
The property 'CancelBtn' cannot be found on this object. Verify that the property exists and can be set.
8/3/2021 10:40:18 PM
adm:  | TenantID:  |  Pim-Role:  | Duration: 
The property 'Text' cannot be found on this object. Verify that the property exists and can be set.
The property 'Size' cannot be found on this object. Verify that the property exists and can be set.
The property 'Location' cannot be found on this object. Verify that the property exists and can be set.
Cannot find type [System.Windows.Forms.lbl]: verify that the assembly containing this type is loaded.
The property 'CancelBtn' cannot be found on this object. Verify that the property exists and can be set.
8/3/2021 10:40:59 PM
adm:  | TenantID:  |  Pim-Role:  | Duration: 
The property 'Text' cannot be found on this object. Verify that the property exists and can be set.
The property 'Size' cannot be found on this object. Verify that the property exists and can be set.
The property 'Location' cannot be found on this object. Verify that the property exists and can be set.
Cannot find type [System.Windows.Forms.lbl]: verify that the assembly containing this type is loaded.
The property 'CancelBtn' cannot be found on this object. Verify that the property exists and can be set.
8/3/2021 10:43:18 PM
adm:  | TenantID:  |  Pim-Role:  | Duration: 
The property 'Text' cannot be found on this object. Verify that the property exists and can be set.
The property 'Size' cannot be found on this object. Verify that the property exists and can be set.
The property 'Location' cannot be found on this object. Verify that the property exists and can be set.
Cannot find type [System.Windows.Forms.lbl]: verify that the assembly containing this type is loaded.
The property 'CancelBtn' cannot be found on this object. Verify that the property exists and can be set.
8/3/2021 10:43:35 PM
adm:  | TenantID:  |  Pim-Role:  | Duration: 
The property 'Text' cannot be found on this object. Verify that the property exists and can be set.
The property 'Size' cannot be found on this object. Verify that the property exists and can be set.
The property 'Location' cannot be found on this object. Verify that the property exists and can be set.
Cannot find type [System.Windows.Forms.lbl]: verify that the assembly containing this type is loaded.
The property 'CancelBtn' cannot be found on this object. Verify that the property exists and can be set.
8/3/2021 10:43:53 PM
adm:  | TenantID:  |  Pim-Role:  | Duration: 
The property 'Text' cannot be found on this object. Verify that the property exists and can be set.
The property 'Size' cannot be found on this object. Verify that the property exists and can be set.
The property 'Location' cannot be found on this object. Verify that the property exists and can be set.
Cannot find type [System.Windows.Forms.lbl]: verify that the assembly containing this type is loaded.
The property 'CancelBtn' cannot be found on this object. Verify that the property exists and can be set.
8/3/2021 10:44:06 PM
adm:  | TenantID:  |  Pim-Role:  | Duration: 
The property 'Text' cannot be found on this object. Verify that the property exists and can be set.
The property 'Size' cannot be found on this object. Verify that the property exists and can be set.
The property 'Location' cannot be found on this object. Verify that the property exists and can be set.
Cannot find type [System.Windows.Forms.lbl]: verify that the assembly containing this type is loaded.
The property 'CancelBtn' cannot be found on this object. Verify that the property exists and can be set.
8/3/2021 10:44:27 PM
adm:  | TenantID:  |  Pim-Role:  | Duration: 
The property 'Text' cannot be found on this object. Verify that the property exists and can be set.
The property 'Size' cannot be found on this object. Verify that the property exists and can be set.
The property 'Location' cannot be found on this object. Verify that the property exists and can be set.
Cannot find type [System.Windows.Forms.lbl]: verify that the assembly containing this type is loaded.
The property 'CancelBtn' cannot be found on this object. Verify that the property exists and can be set.
8/3/2021 10:44:44 PM
adm:  | TenantID:  |  Pim-Role:  | Duration: 
The property 'Text' cannot be found on this object. Verify that the property exists and can be set.
The property 'Size' cannot be found on this object. Verify that the property exists and can be set.
The property 'Location' cannot be found on this object. Verify that the property exists and can be set.
Cannot find type [System.Windows.Forms.lbl]: verify that the assembly containing this type is loaded.
The property 'CancelBtn' cannot be found on this object. Verify that the property exists and can be set.
8/3/2021 10:47:54 PM
adm:  | TenantID:  |  Pim-Role:  | Duration: 
The property 'Text' cannot be found on this object. Verify that the property exists and can be set.
The property 'Size' cannot be found on this object. Verify that the property exists and can be set.
The property 'Location' cannot be found on this object. Verify that the property exists and can be set.
Cannot find type [System.Windows.Forms.lbl]: verify that the assembly containing this type is loaded.
The property 'CancelBtn' cannot be found on this object. Verify that the property exists and can be set.
8/4/2021 3:56:03 PM
adm:  | TenantID:  |  Pim-Role:  | Duration: 
The property 'Text' cannot be found on this object. Verify that the property exists and can be set.
The property 'Size' cannot be found on this object. Verify that the property exists and can be set.
The property 'Location' cannot be found on this object. Verify that the property exists and can be set.
Cannot find type [System.Windows.Forms.lbl]: verify that the assembly containing this type is loaded.
The property 'CancelBtn' cannot be found on this object. Verify that the property exists and can be set.
8/4/2021 4:54:55 PM
Admin: jule@100pcloud.com | TenantID:  | Profile:  | Pim-Role:  | Duration: 2
You cannot call a method on a null-valued expression.
8/17/2021 3:20:31 PM
adm:  | TenantID:  |  Pim-Role:  | time: 
The property 'Text' cannot be found on this object. Verify that the property exists and can be set.
The property 'Size' cannot be found on this object. Verify that the property exists and can be set.
The property 'Location' cannot be found on this object. Verify that the property exists and can be set.
Cannot find type [System.Windows.Forms.lbl]: verify that the assembly containing this type is loaded.
The property 'CancelBtn' cannot be found on this object. Verify that the property exists and can be set.
8/17/2021 4:16:39 PM
adm:  | TenantID:  |  Pim-Role:  | time: 
You cannot call a method on a null-valued expression.
You cannot call a method on a null-valued expression.
You cannot call a method on a null-valued expression.
The property 'Font' cannot be found on this object. Verify that the property exists and can be set.
The property 'Width' cannot be found on this object. Verify that the property exists and can be set.
The property 'Height' cannot be found on this object. Verify that the property exists and can be set.
The property 'Size' cannot be found on this object. Verify that the property exists and can be set.
The property 'Location' cannot be found on this object. Verify that the property exists and can be set.
Cannot find type [System.Windows.Forms.tenantListBox]: verify that the assembly containing this type is loaded.
The property 'Text' cannot be found on this object. Verify that the property exists and can be set.
The property 'Size' cannot be found on this object. Verify that the property exists and can be set.
The property 'Location' cannot be found on this object. Verify that the property exists and can be set.
Cannot find type [System.Windows.Forms.lbl]: verify that the assembly containing this type is loaded.
The property 'CancelBtn' cannot be found on this object. Verify that the property exists and can be set.
8/17/2021 4:17:59 PM
adm:  | TenantID:  |  Pim-Role:  | time: 
The property 'Text' cannot be found on this object. Verify that the property exists and can be set.
The property 'Size' cannot be found on this object. Verify that the property exists and can be set.
The property 'Location' cannot be found on this object. Verify that the property exists and can be set.
Cannot find type [System.Windows.Forms.lbl]: verify that the assembly containing this type is loaded.
The property 'CancelBtn' cannot be found on this object. Verify that the property exists and can be set.
8/17/2021 6:07:42 PM
adm:  | TenantID:  |  Pim-Role:  | time: 
The property 'Text' cannot be found on this object. Verify that the property exists and can be set.
The property 'Size' cannot be found on this object. Verify that the property exists and can be set.
The property 'Location' cannot be found on this object. Verify that the property exists and can be set.
Cannot find type [System.Windows.Forms.lbl]: verify that the assembly containing this type is loaded.
8/20/2021 11:52:59 PM
adm:  | TenantID:  |  Pim-Role:  | time: 
The property 'MulitLine' cannot be found on this object. Verify that the property exists and can be set.
8/20/2021 11:53:18 PM
adm:  | TenantID:  |  Pim-Role:  | time: 
The property 'Mulitline' cannot be found on this object. Verify that the property exists and can be set.
8/21/2021 12:06:40 AM
adm:  | TenantID:  |  Pim-Role:  | time: 
The property 'ReszizeMode' cannot be found on this object. Verify that the property exists and can be set.
8/21/2021 12:07:11 AM
adm:  | TenantID:  |  Pim-Role:  | time: 
The property 'ResizeMode' cannot be found on this object. Verify that the property exists and can be set.
8/21/2021 12:07:16 AM
adm:  | TenantID:  |  Pim-Role:  | time: 
The property 'Resizemode' cannot be found on this object. Verify that the property exists and can be set.
8/21/2021 10:40:59 PM
adm:  | TenantID:  |  Pim-Role:  | time: 
The property 'Resizemode' cannot be found on this object. Verify that the property exists and can be set.
8/21/2021 10:42:58 PM
adm:  | TenantID:  |  Pim-Role:  | time: 
The property 'Resizemode' cannot be found on this object. Verify that the property exists and can be set.
8/21/2021 10:44:53 PM
adm:  | TenantID:  |  Pim-Role:  | time: 
The property 'Resizemode' cannot be found on this object. Verify that the property exists and can be set.
8/21/2021 10:45:24 PM
adm:  | TenantID:  |  Pim-Role:  | time: 
The property 'Resizemode' cannot be found on this object. Verify that the property exists and can be set.
8/21/2021 11:00:30 PM
adm:  | TenantID:  |  Pim-Role:  | time: 
The property 'Resizemode' cannot be found on this object. Verify that the property exists and can be set.
8/21/2021 11:03:36 PM
adm:  | TenantID:  |  Pim-Role:  | time: 
The property 'Resizemode' cannot be found on this object. Verify that the property exists and can be set.
8/21/2021 11:05:26 PM
adm:  | TenantID:  |  Pim-Role:  | time: 
The property 'Resizemode' cannot be found on this object. Verify that the property exists and can be set.
8/22/2021 4:56:35 PM
Admin: jule@100pcloud.com | TenantID:  | Profile:  | Pim-Role:  | Duration: 2
You cannot call a method on a null-valued expression.
